00001                                           export _main
00002 0000                                      .text
00003                       00000000>           _main:
00004 0000           EB           05                    jmp start
00005                       00000002>           msg:
00006 0002                        48                    .ascii "Hello"
00007                       00000007>           start:
00008 0007           B9                   0005          mov     cx, #5
00009 000A           B2                     00          mov     dl, #0x00
00010 000C           B6                     05          mov     dh, #0x05
00011 000E           B8                   0002>         mov     ax, #msg
00012 0011           05                   0100          add     ax, #0x100
00013 0014           89C5                               mov     bp, ax
00014 0016           BB                   000C          mov     bx, #0x000c
00015 0019           B8                   1301          mov     ax, #0x1301
00016 001C           CD                     10          int     0x10
00017 001E           B8                   4C00          mov     ax, #0x4c00
00018 0021           CD                     21          int     0x21
00019 0000                                      .data
00020 0000                                      .bss

Symbols:
                     _main  0 0000 R E                        msg  0 0002 R   
                     start  0 0007 R   

00000 errors
00000 warnings
